// Jest Snapshot v1, https://goo.gl/fbAQLP

exports[`Express Server should serve the GraphQL playground 1`] = `
Object {
  "__type": Object {
    "name": "Query",
  },
}
`;
